// Jest Snapshot v1, https://goo.gl/fbAQLP

exports[`DesktopNav should render correctly 1`] = `
<DocumentFragment>
  <div
    class="css-ffmerx"
  >
    <div
      class="css-70qvj9"
    >
      <div
        aria-controls="popover-content-:r1:"
        aria-expanded="false"
        aria-haspopup="dialog"
        class="css-j93dqc"
        id="popover-trigger-:r1:"
      >
        <a
          class="chakra-link css-uzv5li"
          href="#"
        >
          Sample Item 1
        </a>
        <svg
          class="chakra-icon css-g16cky"
          fill="currentColor"
          focusable="false"
          height="3.5"
          stroke="currentColor"
          stroke-width="0"
          viewBox="0 0 256 256"
          width="3.5"
          xmlns="http://www.w3.org/2000/svg"
        >
          <path
            d="M213.66,101.66l-80,80a8,8,0,0,1-11.32,0l-80-80A8,8,0,0,1,53.66,90.34L128,164.69l74.34-74.35a8,8,0,0,1,11.32,11.32Z"
          />
        </svg>
      </div>
      <div
        class="chakra-popover__popper css-0"
        style="visibility: hidden; position: absolute; min-width: max-content; inset: 0 auto auto 0;"
      >
        <section
          class="chakra-popover__content css-1kjb8d7"
          id="popover-content-:r1:"
          role="tooltip"
          style="transform-origin: var(--popper-transform-origin); opacity: 0; visibility: hidden; transform: scale(0.95) translateZ(0);"
          tabindex="-1"
        />
      </div>
    </div>
    <div
      class="css-70qvj9"
    >
      <div
        aria-controls="popover-content-:r3:"
        aria-expanded="false"
        aria-haspopup="dialog"
        class="css-j93dqc"
        id="popover-trigger-:r3:"
      >
        <a
          class="chakra-link css-yne82k"
          href="#"
        >
          Sample Item 2
        </a>
      </div>
    </div>
  </div>
</DocumentFragment>
`;
