// Jest Snapshot v1, https://goo.gl/fbAQLP

exports[`TokenRow renders correctly 1`] = `
<table
  className="chakra-table__root css-g8yqxe"
>
  <tr
    className="chakra-table__row css-16kmb31"
  >
    <td
      className="chakra-table__cell css-1bh4pks"
    >
      <div
        className="css-axw7ok"
      >
        <img
          alt="TT"
          data-nimg="1"
          decoding="async"
          height={36}
          loading="lazy"
          onError={[Function]}
          onLoad={[Function]}
          src="/_next/image?url=https%3A%2F%2Fexample.com%2Ftoken.png&w=96&q=75"
          srcSet="/_next/image?url=https%3A%2F%2Fexample.com%2Ftoken.png&w=48&q=75 1x, /_next/image?url=https%3A%2F%2Fexample.com%2Ftoken.png&w=96&q=75 2x"
          style={
            Object {
              "color": "transparent",
              "marginRight": "16px",
            }
          }
          width={36}
        />
        <a
          className="link css-zibos"
          href="/token/0x5678?chain=mainnet"
        >
          TestToken
           
          (TT)
        </a>
      </div>
    </td>
    <td
      className="chakra-table__cell css-t35k1d"
    >
      <span
        className="css-1gy64qm"
      >
        <a
          className="link css-m05bwu"
          href="/txid/0x1234?chain=mainnet"
        >
          0x1234
        </a>
      </span>
    </td>
    <td
      className="chakra-table__cell css-nepgmf"
    >
      <span
        className="css-1tzohq0"
      >
        1M
      </span>
    </td>
  </tr>
</table>
`;
