// Jest Snapshot v1, https://goo.gl/fbAQLP

exports[`TokenRow renders correctly 1`] = `
<DocumentFragment>
  <table
    class="chakra-table__root css-g8yqxe"
  >
    <tbody>
      <tr
        class="chakra-table__row css-16kmb31"
      >
        <td
          class="chakra-table__cell css-dmkp9b"
        >
          <div
            class="css-axw7ok"
          >
            <img
              alt="TT"
              data-nimg="1"
              decoding="async"
              height="36"
              loading="lazy"
              src="http://localhost/_next/image?url=https%3A%2F%2Fexample.com%2Ftoken.png&w=96&q=75"
              srcset="/_next/image?url=https%3A%2F%2Fexample.com%2Ftoken.png&w=48&q=75 1x, /_next/image?url=https%3A%2F%2Fexample.com%2Ftoken.png&w=96&q=75 2x"
              style="color: transparent; margin-right: 16px;"
              width="36"
            />
            <a
              class="link css-1uushrr"
              href="/token/0x5678?chain=mainnet"
            >
              TestToken (TT)
            </a>
          </div>
        </td>
        <td
          class="chakra-table__cell css-1tgiags"
        >
          <span
            class="css-1gy64qm"
          >
            <a
              class="link css-bvh881"
              href="/txid/0x1234?chain=mainnet"
            >
              0x1234
            </a>
          </span>
        </td>
        <td
          class="chakra-table__cell css-nepgmf"
        >
          <span
            class="css-1tzohq0"
          >
            1M
          </span>
        </td>
      </tr>
    </tbody>
  </table>
</DocumentFragment>
`;
