// Jest Snapshot v1, https://goo.gl/fbAQLP

exports[`MicroblockListItem component renders correctly 1`] = `
<DocumentFragment>
  <div
    class="css-1qnwiy1"
  >
    <span
      class="chakra-stack css-19ovbli"
    >
      <div
        class="css-197es7z"
      >
        <svg
          class="chakra-icon css-1bc6rbx"
          fill="none"
          focusable="false"
          height="16px"
          stroke="currentColor"
          stroke-linecap="round"
          stroke-linejoin="round"
          stroke-width="2"
          viewBox="0 0 24 24"
          width="16px"
          xmlns="http://www.w3.org/2000/svg"
        >
          <polygon
            points="13 2 3 14 12 14 11 22 21 10 12 10 13 2"
          />
        </svg>
      </div>
      <span
        class="chakra-stack css-on31qd"
      >
        <div
          class="css-ycwyyy"
        >
          <a
            class="chakra-link css-0"
            href="/microblock/mockHash?chain=mainnet"
          >
            <span
              class="chakra-text css-10wgqlb"
            >
              mockHash
            </span>
          </a>
        </div>
        <span
          class="chakra-text css-15iimks"
          style="user-select: none;"
        >
          Microblock
        </span>
      </span>
    </span>
    <span
      class="chakra-stack css-fdzsh0"
    >
      <span
        class="chakra-text css-ui7t6h"
      >
        MockRelativeTime1619047871000
      </span>
    </span>
  </div>
</DocumentFragment>
`;
