// Jest Snapshot v1, https://goo.gl/fbAQLP

exports[`StatusBarBase renders correctly (critical impact) 1`] = `
<DocumentFragment>
  <div
    class="css-88b13j"
  >
    <div
      class="css-1m8x004"
    >
      <div>
        Test Content
      </div>
    </div>
  </div>
</DocumentFragment>
`;

exports[`StatusBarBase renders correctly (non-critical impact) 1`] = `
<DocumentFragment>
  <div
    class="css-88b13j"
  >
    <div
      class="css-1m8x004"
    >
      <div>
        Test Content
      </div>
    </div>
  </div>
</DocumentFragment>
`;
