// Jest Snapshot v1, https://goo.gl/fbAQLP

exports[`DesktopNav should render correctly 1`] = `
<DocumentFragment>
  <div
    class="css-cfrly1"
  >
    <div
      class="css-70qvj9"
    >
      <button
        class="chakra-hover-card__trigger css-0"
        data-part="trigger"
        data-scope="hover-card"
        data-state="closed"
        dir="ltr"
        id="hover-card:1:trigger"
      >
        <div
          class="css-1bbsapt"
        >
          <a
            class="link css-140e6ww"
            href="#"
          >
            Sample Item 1
          </a>
          <svg
            aria-hidden="true"
            class="chakra-icon css-tihp9m"
            fill="currentColor"
            focusable="false"
            height="1em"
            viewBox="0 0 256 256"
            width="1em"
            xmlns="http://www.w3.org/2000/svg"
          >
            <path
              d="M213.66,101.66l-80,80a8,8,0,0,1-11.32,0l-80-80A8,8,0,0,1,53.66,90.34L128,164.69l74.34-74.35a8,8,0,0,1,11.32,11.32Z"
            />
          </svg>
        </div>
      </button>
      <div
        class="css-17vz1nq"
      />
    </div>
    <div
      class="css-70qvj9"
    >
      <button
        class="chakra-hover-card__trigger css-0"
        data-part="trigger"
        data-scope="hover-card"
        data-state="closed"
        dir="ltr"
        id="hover-card:2:trigger"
      >
        <div
          class="css-1bbsapt"
        >
          <a
            class="link css-ummhl2"
            href="#"
          >
            Sample Item 2
          </a>
        </div>
      </button>
    </div>
  </div>
</DocumentFragment>
`;
